MPLINK 5.09, LINKER
Linker Map File - Created Thu Apr 25 15:38:44 2024

                                 Section Info
                  Section       Type    Address   Location Size(Bytes)
                ---------  ---------  ---------  ---------  ---------
                   .org_0       code   0x000000    program   0x000002
                   .cinit    romdata   0x000001    program   0x000004
                   .org_1       code   0x000004    program   0x0001b6
.config_2007_BUILD/DEFAULT/PRODUCTION/PRACTIC       code   0x002007    program   0x000002



                              Program Memory Usage 
                               Start         End      
                           ---------   ---------      
                            0x000000    0x000002      
                            0x000004    0x0000de      
                            0x002007    0x002007      
            223 out of 8454 program addresses used, program memory utilization is 2%



                              Symbols - Sorted by Name
                     Name    Address   Location    Storage File                     
                ---------  ---------  ---------  --------- ---------                
                Display_A   0x000019    program     static C:\Users\mayi2\MPLABXProjects\Practica6_Joystick.X\Practica6_joystickk.asm
                Display_B   0x000025    program     static C:\Users\mayi2\MPLABXProjects\Practica6_Joystick.X\Practica6_joystickk.asm
                   Inicio   0x000005    program     static C:\Users\mayi2\MPLABXProjects\Practica6_Joystick.X\Practica6_joystickk.asm
    R1Decima_BucleExterno   0x0000d5    program     static C:\Users\mayi2\MPLABXProjects\Practica6_Joystick.X\Retardos.inc
   R1Decima_BucleExterno2   0x0000d3    program     static C:\Users\mayi2\MPLABXProjects\Practica6_Joystick.X\Retardos.inc
    R1Decima_BucleInterno   0x0000d7    program     static C:\Users\mayi2\MPLABXProjects\Practica6_Joystick.X\Retardos.inc
        R1ms_BucleExterno   0x0000bf    program     static C:\Users\mayi2\MPLABXProjects\Practica6_Joystick.X\Retardos.inc
        R1ms_BucleInterno   0x0000c1    program     static C:\Users\mayi2\MPLABXProjects\Practica6_Joystick.X\Retardos.inc
                    Reset   0x000000    program     static C:\Users\mayi2\MPLABXProjects\Practica6_Joystick.X\Practica6_joystickk.asm
            RetardoMicros   0x0000ab    program     static C:\Users\mayi2\MPLABXProjects\Practica6_Joystick.X\Retardos.inc
        Retardo_100micros   0x0000a5    program     static C:\Users\mayi2\MPLABXProjects\Practica6_Joystick.X\Retardos.inc
            Retardo_100ms   0x0000b1    program     static C:\Users\mayi2\MPLABXProjects\Practica6_Joystick.X\Retardos.inc
         Retardo_10micros   0x000098    program     static C:\Users\mayi2\MPLABXProjects\Practica6_Joystick.X\Retardos.inc
             Retardo_10ms   0x0000b7    program     static C:\Users\mayi2\MPLABXProjects\Practica6_Joystick.X\Retardos.inc
              Retardo_10s   0x0000c9    program     static C:\Users\mayi2\MPLABXProjects\Practica6_Joystick.X\Retardos.inc
          Retardo_1Decima   0x0000d2    program     static C:\Users\mayi2\MPLABXProjects\Practica6_Joystick.X\Retardos.inc
              Retardo_1ms   0x0000bd    program     static C:\Users\mayi2\MPLABXProjects\Practica6_Joystick.X\Retardos.inc
               Retardo_1s   0x0000cf    program     static C:\Users\mayi2\MPLABXProjects\Practica6_Joystick.X\Retardos.inc
        Retardo_200micros   0x0000a2    program     static C:\Users\mayi2\MPLABXProjects\Practica6_Joystick.X\Retardos.inc
            Retardo_200ms   0x0000af    program     static C:\Users\mayi2\MPLABXProjects\Practica6_Joystick.X\Retardos.inc
         Retardo_20micros   0x0000aa    program     static C:\Users\mayi2\MPLABXProjects\Practica6_Joystick.X\Retardos.inc
             Retardo_20ms   0x0000b5    program     static C:\Users\mayi2\MPLABXProjects\Practica6_Joystick.X\Retardos.inc
              Retardo_20s   0x0000c7    program     static C:\Users\mayi2\MPLABXProjects\Practica6_Joystick.X\Retardos.inc
              Retardo_2ms   0x0000bb    program     static C:\Users\mayi2\MPLABXProjects\Practica6_Joystick.X\Retardos.inc
               Retardo_2s   0x0000cd    program     static C:\Users\mayi2\MPLABXProjects\Practica6_Joystick.X\Retardos.inc
          Retardo_4micros   0x00009e    program     static C:\Users\mayi2\MPLABXProjects\Practica6_Joystick.X\Retardos.inc
        Retardo_500micros   0x00009f    program     static C:\Users\mayi2\MPLABXProjects\Practica6_Joystick.X\Retardos.inc
            Retardo_500ms   0x0000d1    program     static C:\Users\mayi2\MPLABXProjects\Practica6_Joystick.X\Retardos.inc
         Retardo_50micros   0x0000a7    program     static C:\Users\mayi2\MPLABXProjects\Practica6_Joystick.X\Retardos.inc
             Retardo_50ms   0x0000b3    program     static C:\Users\mayi2\MPLABXProjects\Practica6_Joystick.X\Retardos.inc
          Retardo_5micros   0x00009d    program     static C:\Users\mayi2\MPLABXProjects\Practica6_Joystick.X\Retardos.inc
              Retardo_5ms   0x0000b9    program     static C:\Users\mayi2\MPLABXProjects\Practica6_Joystick.X\Retardos.inc
               Retardo_5s   0x0000cb    program     static C:\Users\mayi2\MPLABXProjects\Practica6_Joystick.X\Retardos.inc
              Retardos_ms   0x0000be    program     static C:\Users\mayi2\MPLABXProjects\Practica6_Joystick.X\Retardos.inc
            Rmicros_Bucle   0x0000ac    program     static C:\Users\mayi2\MPLABXProjects\Practica6_Joystick.X\Retardos.inc
             interrupcion   0x000090    program     static C:\Users\mayi2\MPLABXProjects\Practica6_Joystick.X\Practica6_joystickk.asm
                mostrar_0   0x000086    program     static C:\Users\mayi2\MPLABXProjects\Practica6_Joystick.X\Practica6_joystickk.asm
                mostrar_1   0x000087    program     static C:\Users\mayi2\MPLABXProjects\Practica6_Joystick.X\Practica6_joystickk.asm
                mostrar_2   0x000088    program     static C:\Users\mayi2\MPLABXProjects\Practica6_Joystick.X\Practica6_joystickk.asm
                mostrar_3   0x000089    program     static C:\Users\mayi2\MPLABXProjects\Practica6_Joystick.X\Practica6_joystickk.asm
                mostrar_4   0x00008a    program     static C:\Users\mayi2\MPLABXProjects\Practica6_Joystick.X\Practica6_joystickk.asm
                mostrar_5   0x00008b    program     static C:\Users\mayi2\MPLABXProjects\Practica6_Joystick.X\Practica6_joystickk.asm
                mostrar_6   0x00008c    program     static C:\Users\mayi2\MPLABXProjects\Practica6_Joystick.X\Practica6_joystickk.asm
                mostrar_7   0x00008d    program     static C:\Users\mayi2\MPLABXProjects\Practica6_Joystick.X\Practica6_joystickk.asm
                mostrar_8   0x00008e    program     static C:\Users\mayi2\MPLABXProjects\Practica6_Joystick.X\Practica6_joystickk.asm
                mostrar_9   0x00008f    program     static C:\Users\mayi2\MPLABXProjects\Practica6_Joystick.X\Practica6_joystickk.asm
                 testeo_A   0x000032    program     static C:\Users\mayi2\MPLABXProjects\Practica6_Joystick.X\Practica6_joystickk.asm
                 testeo_B   0x00005c    program     static C:\Users\mayi2\MPLABXProjects\Practica6_Joystick.X\Practica6_joystickk.asm



                              Symbols - Sorted by Address
                     Name    Address   Location    Storage File                     
                ---------  ---------  ---------  --------- ---------                
                    Reset   0x000000    program     static C:\Users\mayi2\MPLABXProjects\Practica6_Joystick.X\Practica6_joystickk.asm
                   Inicio   0x000005    program     static C:\Users\mayi2\MPLABXProjects\Practica6_Joystick.X\Practica6_joystickk.asm
                Display_A   0x000019    program     static C:\Users\mayi2\MPLABXProjects\Practica6_Joystick.X\Practica6_joystickk.asm
                Display_B   0x000025    program     static C:\Users\mayi2\MPLABXProjects\Practica6_Joystick.X\Practica6_joystickk.asm
                 testeo_A   0x000032    program     static C:\Users\mayi2\MPLABXProjects\Practica6_Joystick.X\Practica6_joystickk.asm
                 testeo_B   0x00005c    program     static C:\Users\mayi2\MPLABXProjects\Practica6_Joystick.X\Practica6_joystickk.asm
                mostrar_0   0x000086    program     static C:\Users\mayi2\MPLABXProjects\Practica6_Joystick.X\Practica6_joystickk.asm
                mostrar_1   0x000087    program     static C:\Users\mayi2\MPLABXProjects\Practica6_Joystick.X\Practica6_joystickk.asm
                mostrar_2   0x000088    program     static C:\Users\mayi2\MPLABXProjects\Practica6_Joystick.X\Practica6_joystickk.asm
                mostrar_3   0x000089    program     static C:\Users\mayi2\MPLABXProjects\Practica6_Joystick.X\Practica6_joystickk.asm
                mostrar_4   0x00008a    program     static C:\Users\mayi2\MPLABXProjects\Practica6_Joystick.X\Practica6_joystickk.asm
                mostrar_5   0x00008b    program     static C:\Users\mayi2\MPLABXProjects\Practica6_Joystick.X\Practica6_joystickk.asm
                mostrar_6   0x00008c    program     static C:\Users\mayi2\MPLABXProjects\Practica6_Joystick.X\Practica6_joystickk.asm
                mostrar_7   0x00008d    program     static C:\Users\mayi2\MPLABXProjects\Practica6_Joystick.X\Practica6_joystickk.asm
                mostrar_8   0x00008e    program     static C:\Users\mayi2\MPLABXProjects\Practica6_Joystick.X\Practica6_joystickk.asm
                mostrar_9   0x00008f    program     static C:\Users\mayi2\MPLABXProjects\Practica6_Joystick.X\Practica6_joystickk.asm
             interrupcion   0x000090    program     static C:\Users\mayi2\MPLABXProjects\Practica6_Joystick.X\Practica6_joystickk.asm
         Retardo_10micros   0x000098    program     static C:\Users\mayi2\MPLABXProjects\Practica6_Joystick.X\Retardos.inc
          Retardo_5micros   0x00009d    program     static C:\Users\mayi2\MPLABXProjects\Practica6_Joystick.X\Retardos.inc
          Retardo_4micros   0x00009e    program     static C:\Users\mayi2\MPLABXProjects\Practica6_Joystick.X\Retardos.inc
        Retardo_500micros   0x00009f    program     static C:\Users\mayi2\MPLABXProjects\Practica6_Joystick.X\Retardos.inc
        Retardo_200micros   0x0000a2    program     static C:\Users\mayi2\MPLABXProjects\Practica6_Joystick.X\Retardos.inc
        Retardo_100micros   0x0000a5    program     static C:\Users\mayi2\MPLABXProjects\Practica6_Joystick.X\Retardos.inc
         Retardo_50micros   0x0000a7    program     static C:\Users\mayi2\MPLABXProjects\Practica6_Joystick.X\Retardos.inc
         Retardo_20micros   0x0000aa    program     static C:\Users\mayi2\MPLABXProjects\Practica6_Joystick.X\Retardos.inc
            RetardoMicros   0x0000ab    program     static C:\Users\mayi2\MPLABXProjects\Practica6_Joystick.X\Retardos.inc
            Rmicros_Bucle   0x0000ac    program     static C:\Users\mayi2\MPLABXProjects\Practica6_Joystick.X\Retardos.inc
            Retardo_200ms   0x0000af    program     static C:\Users\mayi2\MPLABXProjects\Practica6_Joystick.X\Retardos.inc
            Retardo_100ms   0x0000b1    program     static C:\Users\mayi2\MPLABXProjects\Practica6_Joystick.X\Retardos.inc
             Retardo_50ms   0x0000b3    program     static C:\Users\mayi2\MPLABXProjects\Practica6_Joystick.X\Retardos.inc
             Retardo_20ms   0x0000b5    program     static C:\Users\mayi2\MPLABXProjects\Practica6_Joystick.X\Retardos.inc
             Retardo_10ms   0x0000b7    program     static C:\Users\mayi2\MPLABXProjects\Practica6_Joystick.X\Retardos.inc
              Retardo_5ms   0x0000b9    program     static C:\Users\mayi2\MPLABXProjects\Practica6_Joystick.X\Retardos.inc
              Retardo_2ms   0x0000bb    program     static C:\Users\mayi2\MPLABXProjects\Practica6_Joystick.X\Retardos.inc
              Retardo_1ms   0x0000bd    program     static C:\Users\mayi2\MPLABXProjects\Practica6_Joystick.X\Retardos.inc
              Retardos_ms   0x0000be    program     static C:\Users\mayi2\MPLABXProjects\Practica6_Joystick.X\Retardos.inc
        R1ms_BucleExterno   0x0000bf    program     static C:\Users\mayi2\MPLABXProjects\Practica6_Joystick.X\Retardos.inc
        R1ms_BucleInterno   0x0000c1    program     static C:\Users\mayi2\MPLABXProjects\Practica6_Joystick.X\Retardos.inc
              Retardo_20s   0x0000c7    program     static C:\Users\mayi2\MPLABXProjects\Practica6_Joystick.X\Retardos.inc
              Retardo_10s   0x0000c9    program     static C:\Users\mayi2\MPLABXProjects\Practica6_Joystick.X\Retardos.inc
               Retardo_5s   0x0000cb    program     static C:\Users\mayi2\MPLABXProjects\Practica6_Joystick.X\Retardos.inc
               Retardo_2s   0x0000cd    program     static C:\Users\mayi2\MPLABXProjects\Practica6_Joystick.X\Retardos.inc
               Retardo_1s   0x0000cf    program     static C:\Users\mayi2\MPLABXProjects\Practica6_Joystick.X\Retardos.inc
            Retardo_500ms   0x0000d1    program     static C:\Users\mayi2\MPLABXProjects\Practica6_Joystick.X\Retardos.inc
          Retardo_1Decima   0x0000d2    program     static C:\Users\mayi2\MPLABXProjects\Practica6_Joystick.X\Retardos.inc
   R1Decima_BucleExterno2   0x0000d3    program     static C:\Users\mayi2\MPLABXProjects\Practica6_Joystick.X\Retardos.inc
    R1Decima_BucleExterno   0x0000d5    program     static C:\Users\mayi2\MPLABXProjects\Practica6_Joystick.X\Retardos.inc
    R1Decima_BucleInterno   0x0000d7    program     static C:\Users\mayi2\MPLABXProjects\Practica6_Joystick.X\Retardos.inc


